{
  "label": "after",
  "ref": "634956d85a93d64e4c65b6525ce5355bf3c6ed92",
  "policyBaseMerged": true,
  "hasPolicyPlugin": true,
  "hasChannelPolicyChecks": true,
  "hasToolMetadataChecks": true,
  "registeredToolChecks": [
    "policy/tools-missing-owner",
    "policy/tools-missing-risk-level",
    "policy/tools-missing-sensitivity-token",
    "policy/tools-unknown-risk-level",
    "policy/tools-unknown-sensitivity-token"
  ],
  "docsListAllToolChecks": true,
  "usesOcPathParseMd": true,
  "ocPathApiPackageExport": true,
  "multilineToolMetadataParsed": true,
  "doctorMultilineMetadataCovered": true,
  "runtimeMultilineCriticalApprovalCovered": true,
  "runtimeToolPolicyExists": true,
  "runtimeBlocksMissingMetadata": true,
  "runtimeBlocksMissingOwner": true,
  "runtimeBlocksUnknownRisk": true,
  "runtimeApprovalMetadataCovered": true,
  "approvalMetadataPersisted": true,
  "approvalMetadataBroadcastCovered": true,
  "focusedTests": "policy/runtime/doctor/CLI, gateway approval consumers, import boundaries, oc-path parser tests, extensions tsgo, and git diff --check passed on current head"
}
